✓ Done

✓ 邮箱登录 - macbot-e2e-s2-parallel-fc45ecd3b62c
  http://127.0.0.1:52201/login.html

http://127.0.0.1:52201/login.html

390

390

- generic
  - heading "邮箱登录" [level=1, ref=e1]
  - paragraph
    - StaticText "欢迎使用邮箱账号登录"
  - StaticText "项目: macbot-e2e-s2-parallel-fc45ecd3b62c | 标记: macbot-e2e-s2-followup-b74f5aff98d5"
  - form
    - LabelText
    - textbox "邮箱地址" [ref=e2]
    - LabelText
    - generic
      - textbox "密码" [ref=e4]
      - generic [ref=e5] clickable [cursor:pointer]
    - button "登录" [ref=e3]

✓ Screenshot saved to docs/progress/S2/production-d799dda-parallel-demo/narrow-390x844.png
